2017-09-20 10:44:49
2017-09-20 10:44:54
2017-09-20 10:44:59
2017-09-20 10:45:04
2017-09-20 10:45:09
2017-09-20 10:45:14
2017-09-20 10:45:19
2017-09-20 10:45:24
2017-09-20 10:45:29
2017-09-20 10:45:34
2017-09-20 10:45:39
2017-09-20 10:45:45
2017-09-20 10:45:50
2017-09-20 10:45:55
2017-09-20 10:46:00
2017-09-20 10:46:05
2017-09-20 10:46:10
2017-09-20 10:46:15
2017-09-20 10:46:20
2017-09-20 10:46:25
2017-09-20 10:46:30
2017-09-20 10:46:35
2017-09-20 10:46:40
2017-09-20 10:46:45
2017-09-20 10:46:50
2017-09-20 10:46:55
2017-09-20 10:47:00
2017-09-20 10:47:05
2017-09-20 10:47:10
2017-09-20 10:47:15
2017-09-20 10:47:20
2017-09-20 10:47:25
2017-09-20 10:47:30
2017-09-20 10:47:35
2017-09-20 10:47:40
2017-09-20 10:47:45
2017-09-20 10:47:50
2017-09-20 10:47:55
2017-09-20 10:48:00
2017-09-20 10:48:05
2017-09-20 10:48:10
2017-09-20 10:48:15
2017-09-20 10:48:20
2017-09-20 10:48:25
2017-09-20 10:48:30
2017-09-20 10:48:35
2017-09-20 10:48:40
2017-09-20 10:48:45
2017-09-20 10:48:50
2017-09-20 10:48:55
2017-09-20 10:49:00
2017-09-20 10:49:05
