[2017-09-20 10:44:46] [INFO] INTERVAL is 10
[2017-09-20 10:44:57] [INFO] {"host": "SquareHuangdeMacBook-Pro.local","path":"/Users/square_huang/git/HippoPlugin/test/recommender_system","service_name":"recommender-training","monitor_pid":"36597","service_pid":"36571","exec_time":"1505875497000","is_success":"1","error_msg":""} | /Users/square_huang/Documents/Software/kafka_2.10-0.9.0.0/bin/kafka-console-producer.sh --broker-list localhost:9092 --topic service-health
[2017-09-20 10:45:08] [INFO] {"host": "SquareHuangdeMacBook-Pro.local","path":"/Users/square_huang/git/HippoPlugin/test/recommender_system","service_name":"recommender-training","monitor_pid":"36597","service_pid":"36571","exec_time":"1505875508000","is_success":"1","error_msg":""} | /Users/square_huang/Documents/Software/kafka_2.10-0.9.0.0/bin/kafka-console-producer.sh --broker-list localhost:9092 --topic service-health
[2017-09-20 10:45:20] [INFO] {"host": "SquareHuangdeMacBook-Pro.local","path":"/Users/square_huang/git/HippoPlugin/test/recommender_system","service_name":"recommender-training","monitor_pid":"36597","service_pid":"36571","exec_time":"1505875520000","is_success":"1","error_msg":""} | /Users/square_huang/Documents/Software/kafka_2.10-0.9.0.0/bin/kafka-console-producer.sh --broker-list localhost:9092 --topic service-health
[2017-09-20 10:45:31] [INFO] {"host": "SquareHuangdeMacBook-Pro.local","path":"/Users/square_huang/git/HippoPlugin/test/recommender_system","service_name":"recommender-training","monitor_pid":"36597","service_pid":"36571","exec_time":"1505875531000","is_success":"1","error_msg":""} | /Users/square_huang/Documents/Software/kafka_2.10-0.9.0.0/bin/kafka-console-producer.sh --broker-list localhost:9092 --topic service-health
[2017-09-20 10:45:43] [INFO] {"host": "SquareHuangdeMacBook-Pro.local","path":"/Users/square_huang/git/HippoPlugin/test/recommender_system","service_name":"recommender-training","monitor_pid":"36597","service_pid":"36571","exec_time":"1505875543000","is_success":"1","error_msg":""} | /Users/square_huang/Documents/Software/kafka_2.10-0.9.0.0/bin/kafka-console-producer.sh --broker-list localhost:9092 --topic service-health
[2017-09-20 10:45:54] [INFO] {"host": "SquareHuangdeMacBook-Pro.local","path":"/Users/square_huang/git/HippoPlugin/test/recommender_system","service_name":"recommender-training","monitor_pid":"36597","service_pid":"36571","exec_time":"1505875554000","is_success":"1","error_msg":""} | /Users/square_huang/Documents/Software/kafka_2.10-0.9.0.0/bin/kafka-console-producer.sh --broker-list localhost:9092 --topic service-health
[2017-09-20 10:46:06] [INFO] {"host": "SquareHuangdeMacBook-Pro.local","path":"/Users/square_huang/git/HippoPlugin/test/recommender_system","service_name":"recommender-training","monitor_pid":"36597","service_pid":"36571","exec_time":"1505875566000","is_success":"1","error_msg":""} | /Users/square_huang/Documents/Software/kafka_2.10-0.9.0.0/bin/kafka-console-producer.sh --broker-list localhost:9092 --topic service-health
[2017-09-20 10:46:18] [INFO] {"host": "SquareHuangdeMacBook-Pro.local","path":"/Users/square_huang/git/HippoPlugin/test/recommender_system","service_name":"recommender-training","monitor_pid":"36597","service_pid":"36571","exec_time":"1505875578000","is_success":"1","error_msg":""} | /Users/square_huang/Documents/Software/kafka_2.10-0.9.0.0/bin/kafka-console-producer.sh --broker-list localhost:9092 --topic service-health
[2017-09-20 10:46:29] [INFO] {"host": "SquareHuangdeMacBook-Pro.local","path":"/Users/square_huang/git/HippoPlugin/test/recommender_system","service_name":"recommender-training","monitor_pid":"36597","service_pid":"36571","exec_time":"1505875589000","is_success":"1","error_msg":""} | /Users/square_huang/Documents/Software/kafka_2.10-0.9.0.0/bin/kafka-console-producer.sh --broker-list localhost:9092 --topic service-health
[2017-09-20 10:46:41] [INFO] {"host": "SquareHuangdeMacBook-Pro.local","path":"/Users/square_huang/git/HippoPlugin/test/recommender_system","service_name":"recommender-training","monitor_pid":"36597","service_pid":"36571","exec_time":"1505875601000","is_success":"1","error_msg":""} | /Users/square_huang/Documents/Software/kafka_2.10-0.9.0.0/bin/kafka-console-producer.sh --broker-list localhost:9092 --topic service-health
[2017-09-20 10:46:53] [INFO] {"host": "SquareHuangdeMacBook-Pro.local","path":"/Users/square_huang/git/HippoPlugin/test/recommender_system","service_name":"recommender-training","monitor_pid":"36597","service_pid":"36571","exec_time":"1505875613000","is_success":"1","error_msg":""} | /Users/square_huang/Documents/Software/kafka_2.10-0.9.0.0/bin/kafka-console-producer.sh --broker-list localhost:9092 --topic service-health
[2017-09-20 10:47:05] [INFO] {"host": "SquareHuangdeMacBook-Pro.local","path":"/Users/square_huang/git/HippoPlugin/test/recommender_system","service_name":"recommender-training","monitor_pid":"36597","service_pid":"36571","exec_time":"1505875625000","is_success":"1","error_msg":""} | /Users/square_huang/Documents/Software/kafka_2.10-0.9.0.0/bin/kafka-console-producer.sh --broker-list localhost:9092 --topic service-health
[2017-09-20 10:47:17] [INFO] {"host": "SquareHuangdeMacBook-Pro.local","path":"/Users/square_huang/git/HippoPlugin/test/recommender_system","service_name":"recommender-training","monitor_pid":"36597","service_pid":"36571","exec_time":"1505875637000","is_success":"1","error_msg":""} | /Users/square_huang/Documents/Software/kafka_2.10-0.9.0.0/bin/kafka-console-producer.sh --broker-list localhost:9092 --topic service-health
[2017-09-20 10:47:28] [INFO] {"host": "SquareHuangdeMacBook-Pro.local","path":"/Users/square_huang/git/HippoPlugin/test/recommender_system","service_name":"recommender-training","monitor_pid":"36597","service_pid":"36571","exec_time":"1505875648000","is_success":"1","error_msg":""} | /Users/square_huang/Documents/Software/kafka_2.10-0.9.0.0/bin/kafka-console-producer.sh --broker-list localhost:9092 --topic service-health
[2017-09-20 10:47:40] [INFO] {"host": "SquareHuangdeMacBook-Pro.local","path":"/Users/square_huang/git/HippoPlugin/test/recommender_system","service_name":"recommender-training","monitor_pid":"36597","service_pid":"36571","exec_time":"1505875660000","is_success":"1","error_msg":""} | /Users/square_huang/Documents/Software/kafka_2.10-0.9.0.0/bin/kafka-console-producer.sh --broker-list localhost:9092 --topic service-health
/Users/square_huang/git/HippoPlugin/test/recommender_system/hippo/bin/recommender-training/run-recommender-training.sh: line 16: /Users/square_huang/git/HippoPlugin/test/recommender_system/hippo/etc/env.sh: No such file or directory
/Users/square_huang/git/HippoPlugin/test/recommender_system/hippo/bin/recommender-training/run-recommender-training.sh: line 26: /Users/square_huang/git/HippoPlugin/test/recommender_system/hippo/etc/env.sh: No such file or directory
[2017-09-20 10:47:51] [INFO] {"host": "SquareHuangdeMacBook-Pro.local","path":"/Users/square_huang/git/HippoPlugin/test/recommender_system","service_name":"recommender-training","monitor_pid":"36597","service_pid":"36571","exec_time":"1505875671000","is_success":"1","error_msg":""} | /Users/square_huang/Documents/Software/kafka_2.10-0.9.0.0/bin/kafka-console-producer.sh --broker-list localhost:9092 --topic service-health
/Users/square_huang/git/HippoPlugin/test/recommender_system/hippo/bin/recommender-training/run-recommender-training.sh: line 16: /Users/square_huang/git/HippoPlugin/test/recommender_system/hippo/etc/env.sh: No such file or directory
/Users/square_huang/git/HippoPlugin/test/recommender_system/hippo/bin/recommender-training/run-recommender-training.sh: line 26: /Users/square_huang/git/HippoPlugin/test/recommender_system/hippo/etc/env.sh: No such file or directory
[2017-09-20 10:48:03] [INFO] {"host": "SquareHuangdeMacBook-Pro.local","path":"/Users/square_huang/git/HippoPlugin/test/recommender_system","service_name":"recommender-training","monitor_pid":"36597","service_pid":"36571","exec_time":"1505875683000","is_success":"1","error_msg":""} | /Users/square_huang/Documents/Software/kafka_2.10-0.9.0.0/bin/kafka-console-producer.sh --broker-list localhost:9092 --topic service-health
/Users/square_huang/git/HippoPlugin/test/recommender_system/hippo/bin/recommender-training/run-recommender-training.sh: line 16: /Users/square_huang/git/HippoPlugin/test/recommender_system/hippo/etc/env.sh: No such file or directory
/Users/square_huang/git/HippoPlugin/test/recommender_system/hippo/bin/recommender-training/run-recommender-training.sh: line 26: /Users/square_huang/git/HippoPlugin/test/recommender_system/hippo/etc/env.sh: No such file or directory
[2017-09-20 10:48:15] [INFO] {"host": "SquareHuangdeMacBook-Pro.local","path":"/Users/square_huang/git/HippoPlugin/test/recommender_system","service_name":"recommender-training","monitor_pid":"36597","service_pid":"36571","exec_time":"1505875695000","is_success":"1","error_msg":""} | /Users/square_huang/Documents/Software/kafka_2.10-0.9.0.0/bin/kafka-console-producer.sh --broker-list localhost:9092 --topic service-health
/Users/square_huang/git/HippoPlugin/test/recommender_system/hippo/bin/recommender-training/run-recommender-training.sh: line 16: /Users/square_huang/git/HippoPlugin/test/recommender_system/hippo/etc/env.sh: No such file or directory
/Users/square_huang/git/HippoPlugin/test/recommender_system/hippo/bin/recommender-training/run-recommender-training.sh: line 26: /Users/square_huang/git/HippoPlugin/test/recommender_system/hippo/etc/env.sh: No such file or directory
[2017-09-20 10:48:27] [INFO] {"host": "SquareHuangdeMacBook-Pro.local","path":"/Users/square_huang/git/HippoPlugin/test/recommender_system","service_name":"recommender-training","monitor_pid":"36597","service_pid":"36571","exec_time":"1505875707000","is_success":"1","error_msg":""} | /Users/square_huang/Documents/Software/kafka_2.10-0.9.0.0/bin/kafka-console-producer.sh --broker-list localhost:9092 --topic service-health
/Users/square_huang/git/HippoPlugin/test/recommender_system/hippo/bin/recommender-training/run-recommender-training.sh: line 16: /Users/square_huang/git/HippoPlugin/test/recommender_system/hippo/etc/env.sh: No such file or directory
/Users/square_huang/git/HippoPlugin/test/recommender_system/hippo/bin/recommender-training/run-recommender-training.sh: line 26: /Users/square_huang/git/HippoPlugin/test/recommender_system/hippo/etc/env.sh: No such file or directory
[2017-09-20 10:48:38] [INFO] {"host": "SquareHuangdeMacBook-Pro.local","path":"/Users/square_huang/git/HippoPlugin/test/recommender_system","service_name":"recommender-training","monitor_pid":"36597","service_pid":"36571","exec_time":"1505875718000","is_success":"1","error_msg":""} | /Users/square_huang/Documents/Software/kafka_2.10-0.9.0.0/bin/kafka-console-producer.sh --broker-list localhost:9092 --topic service-health
/Users/square_huang/git/HippoPlugin/test/recommender_system/hippo/bin/recommender-training/run-recommender-training.sh: line 16: /Users/square_huang/git/HippoPlugin/test/recommender_system/hippo/etc/env.sh: No such file or directory
/Users/square_huang/git/HippoPlugin/test/recommender_system/hippo/bin/recommender-training/run-recommender-training.sh: line 26: /Users/square_huang/git/HippoPlugin/test/recommender_system/hippo/etc/env.sh: No such file or directory
[2017-09-20 10:48:50] [INFO] {"host": "SquareHuangdeMacBook-Pro.local","path":"/Users/square_huang/git/HippoPlugin/test/recommender_system","service_name":"recommender-training","monitor_pid":"36597","service_pid":"36571","exec_time":"1505875730000","is_success":"1","error_msg":""} | /Users/square_huang/Documents/Software/kafka_2.10-0.9.0.0/bin/kafka-console-producer.sh --broker-list localhost:9092 --topic service-health
/Users/square_huang/git/HippoPlugin/test/recommender_system/hippo/bin/recommender-training/run-recommender-training.sh: line 16: /Users/square_huang/git/HippoPlugin/test/recommender_system/hippo/etc/env.sh: No such file or directory
/Users/square_huang/git/HippoPlugin/test/recommender_system/hippo/bin/recommender-training/run-recommender-training.sh: line 26: /Users/square_huang/git/HippoPlugin/test/recommender_system/hippo/etc/env.sh: No such file or directory
[2017-09-20 10:49:01] [INFO] {"host": "SquareHuangdeMacBook-Pro.local","path":"/Users/square_huang/git/HippoPlugin/test/recommender_system","service_name":"recommender-training","monitor_pid":"36597","service_pid":"36571","exec_time":"1505875741000","is_success":"1","error_msg":""} | /Users/square_huang/Documents/Software/kafka_2.10-0.9.0.0/bin/kafka-console-producer.sh --broker-list localhost:9092 --topic service-health
