[2017-09-20 11:01:04] [INFO] INTERVAL is 10
[2017-09-20 11:01:14] [INFO] {"host": "SquareHuangdeMacBook-Pro.local","path":"/Users/square_huang/git/HippoPlugin/test/recommender_system","service_name":"recommender-test","monitor_pid":"38993","service_pid":"38976","exec_time":"1505876474000","is_success":"1","error_msg":""} | /Users/square_huang/Documents/Software/kafka_2.10-0.9.0.0/bin/kafka-console-producer.sh --broker-list localhost:9092 --topic service-health
